**********************
Windows PowerShell transcript start
Start time: 20260923200548
Username: DESKTOP-JA7PSQM\Felix
RunAs User: DESKTOP-JA7PSQM\Felix
Configuration Name: 
Machine: DESKTOP-JA7PSQM (Microsoft Windows NT 10.0.26200.0)
Host Application: C:\WINDOWS\System32\WindowsPowerShell\v1.0\powershell.exe -NoProfile -ExecutionPolicy Bypass -File .\scripts\run_isbi_submission.ps1
Process ID: 4564
PSVersion: 5.1.26100.9444
PSEdition: Desktop
PSCompatibleVersions: 1.0, 2.0, 3.0, 4.0, 5.0, 5.1.26100.9444
BuildVersion: 10.0.26100.9444
CLRVersion: 4.0.30319.42000
WSManStackVersion: 3.0
PSRemotingProtocolVersion: 2.3
SerializationVersion: 1.1.0.1
**********************
32 logical CPUs -> 26 CPU workers, 4 GPU shards

=== superretina: setup and launch ===
SuperRetina: weights missing. Download SuperRetina.pth from https://drive.google.com/drive/folders/1h-MH3wEiN7BoLyMRjF1OAwABKqq6gVFL to checkpoints\superretina\SuperRetina.pth, then: .\scripts\run_isbi_submission.ps1 -Only superretina

=== tests ===
.......................                                                  [100%]
23 passed in 4.40s

=== warning ===


=== clearance ===
[clearance] 120/210 cells (54s)
[clearance] 140/210 cells (56s)
[clearance] 160/210 cells (57s)
[clearance] 180/210 cells (58s)
[clearance] 200/210 cells (60s)
[clearance] 210/210 cells (60s)
[clearance] done in 65s -> reports\isbi
_submission_latest\clearance

=== ransac ===


=== numbers ===


=== package ===

=== summary ===
superretina  SKIPPED/FAILED: weights missing. Download SuperRetina.pth from https://drive.google.com/drive/folders/1h-MH3wEiN7BoLyMRjF1OAwABKqq6gVFL to checkpoints\superretina\SuperRetina.pth, then: .\scripts\run_isbi_submission.ps1 -Only superretina
tests        ok (0,1 min)
warning      ok (60,2 min)
clearance    ok (51,8 min)
ransac       ok (53,7 min)

Send back: reports\isbi_submission_results.zip
  or: git add reports\isbi_submission_latest paper\isbi_2027\numbers.tex reports\pole_guard_ablation_latest\optimizer_warning_audit.json; git commit -m 'ISBI submission experiments'; git push
**********************
Windows PowerShell transcript end
End time: 20260923225139
**********************
**********************
Windows PowerShell transcript start
Start time: 20260923225327
Username: DESKTOP-JA7PSQM\Felix
RunAs User: DESKTOP-JA7PSQM\Felix
Configuration Name: 
Machine: DESKTOP-JA7PSQM (Microsoft Windows NT 10.0.26200.0)
Host Application: C:\WINDOWS\System32\WindowsPowerShell\v1.0\powershell.exe -NoProfile -ExecutionPolicy Bypass -File .\scripts\run_isbi_submission.ps1 -Only superretina
Process ID: 27356
PSVersion: 5.1.26100.9444
PSEdition: Desktop
PSCompatibleVersions: 1.0, 2.0, 3.0, 4.0, 5.0, 5.1.26100.9444
BuildVersion: 10.0.26100.9444
CLRVersion: 4.0.30319.42000
WSManStackVersion: 3.0
PSRemotingProtocolVersion: 2.3
SerializationVersion: 1.1.0.1
**********************
32 logical CPUs -> 26 CPU workers, 4 GPU shards

=== superretina: setup and launch ===
Cloning into 'vendor\SuperRetina'...
remote: Enumerating objects: 123, done.
remote: Counting objects: 100% (33/33), done.
remote: Compressing objects: 100% (27/27), done.
remote: Total 123 (delta 6), reused 19 (delta 5), pack-reused 90 (from 1)

Receiving objects: 100% (123/123), 18.24 MiB | 1.21 MiB/s, done.
Resolving deltas: 100% (33/33), done.

No suitable Python runtime found
Pass --list (-0) to see all detected environments on your machine
or set environment variable PYLAUNCHER_ALLOW_INSTALL to use winget
or open the Microsoft Store to the requested version.
SuperRetina: The term '.pipeline-envs\superretina\Scripts\python.exe' is not recognized as the name of a cmdlet, function, script file, or operable program. Check the spelling of the name, or if a path was included, verify that the path is correct and try again.

=== numbers ===
ory: 'C:\\Users\\Felix\\Documents\\paper\\warpaudit\\reports\\isbi_submission_la
test\\superretina\\superretina_cases.csv'

=== package ===

=== summary ===
superretina  SKIPPED/FAILED: The term '.pipeline-envs\superretina\Scripts\python.exe' is not recognized as the name of a cmdlet, function, script file, or operable program. Check the spelling of the name, or if a path was included, verify that the path is correct and try again.

Send back: reports\isbi_submission_results.zip
  or: git add reports\isbi_submission_latest paper\isbi_2027\numbers.tex reports\pole_guard_ablation_latest\optimizer_warning_audit.json; git commit -m 'ISBI submission experiments'; git push
**********************
Windows PowerShell transcript end
End time: 20260923225346
**********************
**********************
Windows PowerShell transcript start
Start time: 20260923225403
Username: DESKTOP-JA7PSQM\Felix
RunAs User: DESKTOP-JA7PSQM\Felix
Configuration Name: 
Machine: DESKTOP-JA7PSQM (Microsoft Windows NT 10.0.26200.0)
Host Application: C:\WINDOWS\System32\WindowsPowerShell\v1.0\powershell.exe -NoProfile -ExecutionPolicy Bypass -File .\scripts\run_isbi_submission.ps1 -Only superretina -Python311 .venv\Scripts\python.exe
Process ID: 22692
PSVersion: 5.1.26100.9444
PSEdition: Desktop
PSCompatibleVersions: 1.0, 2.0, 3.0, 4.0, 5.0, 5.1.26100.9444
BuildVersion: 10.0.26100.9444
CLRVersion: 4.0.30319.42000
WSManStackVersion: 3.0
PSRemotingProtocolVersion: 2.3
SerializationVersion: 1.1.0.1
**********************
32 logical CPUs -> 26 CPU workers, 4 GPU shards

=== superretina: setup and launch ===


Requirement already satisfied: pip in c:\users\felix\documents\paper\warpaudit\.
pipeline-envs\superretina\lib\site-packages (24.0)
Collecting pip
  Using cached pip-26.2.1-py3-none-any.whl.metadata (4.6 kB)
Using cached pip-26.2.1-py3-none-any.whl (1.8 MB)
Installing collected packages: pip
  Attempting uninstall: pip
    Found existing installation: pip 24.0
    Uninstalling pip-24.0:
      Successfully uninstalled pip-24.0
Successfully installed pip-26.2.1
Installing collected packages: tbb, mpmath, intel-openmp, typing-extensions, sym
py, pillow, numpy, networkx, mkl, MarkupSafe, fsspec, filelock, jinja2, torch, t
orchvision


Successfully installed MarkupSafe-3.0.3 filelock-3.32.3 fsspec-2026.7.0 intel-op
enmp-2021.4.0 jinja2-3.1.6 mkl-2021.4.0 mpmath-1.3.0 networkx-3.6.1 numpy-2.4.6
pillow-12.3.0 sympy-1.14.0 tbb-2021.13.1 torch-2.3.1+cu121 torchvision-0.18.1+cu
121 typing-extensions-4.16.0



launched 4 SuperRetina shards in the background (logs: reports\isbi_submission_latest\superretina\shard-*.log)

=== superretina: wait and evaluate ===


=== numbers ===


=== package ===

=== summary ===
superretina  ok (3,5 min)

Send back: reports\isbi_submission_results.zip
  or: git add reports\isbi_submission_latest paper\isbi_2027\numbers.tex reports\pole_guard_ablation_latest\optimizer_warning_audit.json; git commit -m 'ISBI submission experiments'; git push
**********************
Windows PowerShell transcript end
End time: 20260923230004
**********************
